// Jest Snapshot v1, https://goo.gl/fbAQLP

exports[`< Input /> 1`] = `
<input
  className="inputStyles"
  onChange={[Function]}
  type="text"
  value=""
/>
`;
